// Jest Snapshot v1, https://goo.gl/fbAQLP

exports[`Presentational > Loading Renders correctly 1`] = `
<div>
  <Dimmer
    active={true}
  >
    <Loader
      size="medium"
    >
      Magic is happening...
    </Loader>
  </Dimmer>
</div>
`;
