// Jest Snapshot v1, https://goo.gl/fbAQLP

exports[`Presentational > MainContainer Renders correctly 1`] = `
<Switch>
  <Route
    component={[Function]}
    exact={true}
    path="/"
  />
  <Route
    component={[Function]}
    path="*"
  />
</Switch>
`;
